// Jest Snapshot v1, https://goo.gl/fbAQLP

exports[`DumbScrollOnePageButton component should render a button to scroll one page down 1`] = `
<button
  className="scroll-one-page no-border no-background hidden"
  onClick={[Function]}
  style={
    Object {
      "top": 733,
    }
  }
  type="button"
>
  <span>
    <span
      className="icon assembl-icon-down-open"
    >
       
    </span>
  </span>
</button>
`;

exports[`DumbScrollOnePageButton component should render a button to scroll one page down that is hidden 1`] = `
<button
  className="scroll-one-page no-border no-background hidden"
  onClick={[Function]}
  style={
    Object {
      "top": 733,
    }
  }
  type="button"
>
  <span>
    <span
      className="icon assembl-icon-down-open"
    >
       
    </span>
  </span>
</button>
`;
