// Jest Snapshot v1, https://goo.gl/fbAQLP

exports[`Storyshots DeletedFictionComment default 1`] = `
<article
  className="comment-container"
>
  <img
    alt="no-username-avatar"
    className="circle-avatar"
    src="/static2/img/icons/avatar.png"
  />
  <div
    className="content"
  >
    <p
      className="comment"
    >
      <span>
        Ce message a été supprimé par son auteur.
      </span>
    </p>
    <footer
      className="toolbar"
    >
      <div
        className="left-content"
      >
        <p>
          <span>
            999 réponses
          </span>
        </p>
        <button
          className="action-toggle no-border no-background"
          onClick={[Function]}
          type="button"
        >
          <span
            className="assembl-icon-up-open"
          />
        </button>
      </div>
    </footer>
  </div>
</article>
`;

exports[`Storyshots DeletedFictionComment playground 1`] = `
<article
  className="comment-container"
>
  <img
    alt="no-username-avatar"
    className="circle-avatar"
    src="/static2/img/icons/avatar.png"
  />
  <div
    className="content"
  >
    <p
      className="comment"
    >
      <span>
        Ce message a été supprimé par son auteur.
      </span>
    </p>
    <footer
      className="toolbar"
    >
      <div
        className="left-content"
      >
        <p>
          <span>
            999 réponses
          </span>
        </p>
        <button
          className="action-toggle no-border no-background"
          onClick={[Function]}
          type="button"
        >
          <span
            className="assembl-icon-up-open"
          />
        </button>
      </div>
    </footer>
  </div>
</article>
`;
