// Jest Snapshot v1, https://goo.gl/fbAQLP

exports[`Storyshots ToggleCommentButton default 1`] = `
<button
  className="action-toggle no-border no-background"
  onClick={[Function]}
  type="button"
>
  <span
    className="assembl-icon-up-open"
  />
</button>
`;

exports[`Storyshots ToggleCommentButton playground 1`] = `
<button
  className="action-toggle no-border no-background"
  onClick={[Function]}
  type="button"
>
  <span
    className="assembl-icon-up-open"
  />
</button>
`;
